// Jest Snapshot v1, https://jestjs.io/docs/snapshot-testing

exports[`GraphQLJSONObject parseLiteral should reject string literal 1`] = `
[
  [GraphQLError: JSONObject cannot represent non-object value: "foo"],
]
`;
